(node:35460) DeprecationWarning: current URL string parser is deprecated, and will be removed in a future version. To use the new parser, pass option { useNewUrlParser: true } to MongoClient.connect.
(node:35460) DeprecationWarning: collection.ensureIndex is deprecated. Use createIndexes instead.
Connected to mongod server
(node:35495) DeprecationWarning: current URL string parser is deprecated, and will be removed in a future version. To use the new parser, pass option { useNewUrlParser: true } to MongoClient.connect.
(node:35495) DeprecationWarning: collection.ensureIndex is deprecated. Use createIndexes instead.
Connected to mongod server
